2026-02-23 22:02:41,428 - ============================================================
2026-02-23 22:02:41,429 - STEP 1: Loading Shards to RAM
2026-02-23 22:02:41,429 - ============================================================
2026-02-23 22:02:46,766 - Loaded Shard 0 | Time: 5.3376s | Vectors: 60,885,000
2026-02-23 22:02:52,436 - Loaded Shard 1 | Time: 5.6686s | Vectors: 60,160,000
2026-02-23 22:02:59,031 - Loaded Shard 2 | Time: 6.5945s | Vectors: 64,995,000
2026-02-23 22:03:05,881 - Loaded Shard 3 | Time: 6.8502s | Vectors: 67,595,000
2026-02-23 22:03:05,882 - 
============================================================
2026-02-23 22:03:05,882 - STEP 2: RAM to GPU Transfer (5 Trials)
2026-02-23 22:03:05,882 - ============================================================
2026-02-23 22:03:05,882 - 
--- Starting Trial 1 ---
2026-02-23 22:03:52,070 - Trial 1 | Shard 0 | RAM -> GPU: 46.1886s
2026-02-23 22:04:37,009 - Trial 1 | Shard 1 | RAM -> GPU: 44.7715s
2026-02-23 22:05:25,471 - Trial 1 | Shard 2 | RAM -> GPU: 48.2950s
2026-02-23 22:06:15,831 - Trial 1 | Shard 3 | RAM -> GPU: 50.1838s
2026-02-23 22:06:16,016 - 
--- Starting Trial 2 ---
2026-02-23 22:07:01,280 - Trial 2 | Shard 0 | RAM -> GPU: 45.2620s
