2026-02-23 22:07:52,713 - ============================================================
2026-02-23 22:07:52,713 - STEP 1: Loading Shards to RAM
2026-02-23 22:07:52,713 - ============================================================
2026-02-23 22:07:58,084 - Loaded Shard 0 | Time: 5.3711s | Vectors: 60,885,000
2026-02-23 22:08:03,750 - Loaded Shard 1 | Time: 5.6653s | Vectors: 60,160,000
2026-02-23 22:08:10,366 - Loaded Shard 2 | Time: 6.6159s | Vectors: 64,995,000
2026-02-23 22:08:17,232 - Loaded Shard 3 | Time: 6.8649s | Vectors: 67,595,000
2026-02-23 22:08:17,232 - 
============================================================
2026-02-23 22:08:17,232 - STEP 2: RAM to GPU Transfer (5 Trials)
2026-02-23 22:08:17,232 - ============================================================
2026-02-23 22:08:17,232 - 
--- Starting Trial 1 ---
2026-02-23 22:09:03,566 - Trial 1 | Shard 0 | RAM -> GPU: 46.3334s
2026-02-23 22:09:48,889 - Trial 1 | Shard 1 | RAM -> GPU: 45.1485s
2026-02-23 22:10:37,808 - Trial 1 | Shard 2 | RAM -> GPU: 48.7439s
2026-02-23 22:11:28,594 - Trial 1 | Shard 3 | RAM -> GPU: 50.6048s
2026-02-23 22:11:28,784 - 
--- Starting Trial 2 ---
2026-02-23 22:12:14,264 - Trial 2 | Shard 0 | RAM -> GPU: 45.4797s
